// Jest Snapshot v1, https://goo.gl/fbAQLP

exports[`local test ALL_CASE 1`] = `"FATAL 2020-4-31 0:3:44,123 SAMPLE_NAME SAMPLE_TARGET HOGE_TEXT"`;

exports[`local test ALL_CASE 2`] = `"ERROR 2020-4-31 0:3:44,134 SAMPLE_NAME SAMPLE_TARGET HOGE_TEXT"`;

exports[`local test ALL_CASE 3`] = `"WARN 2020-4-31 0:3:44,135 SAMPLE_NAME SAMPLE_TARGET HOGE_TEXT"`;

exports[`local test ALL_CASE 4`] = `"INFO 2020-4-31 0:3:44,136 SAMPLE_NAME SAMPLE_TARGET HOGE_TEXT"`;

exports[`local test ALL_CASE 5`] = `"DEBUG 2020-4-31 0:3:44,137 SAMPLE_NAME SAMPLE_TARGET HOGE_TEXT"`;

exports[`local test ALL_CASE 6`] = `"TRACE 2020-4-31 0:3:44,138 SAMPLE_NAME SAMPLE_TARGET HOGE_TEXT"`;

exports[`local test OUTPUT_TEST 1`] = `"FATAL 2020-4-31 0:3:44,139 SAMPLE_NAME SAMPLE_TARGET HOGE_TEXT"`;

exports[`local test OUTPUT_TEST 2`] = `"ERROR 2020-4-31 0:3:44,147 SAMPLE_NAME SAMPLE_TARGET HOGE_TEXT"`;

exports[`local test OUTPUT_TEST 3`] = `"WARN 2020-4-31 0:3:44,148 SAMPLE_NAME SAMPLE_TARGET HOGE_TEXT"`;

exports[`local test OUTPUT_TEST 4`] = `"INFO 2020-4-31 0:3:44,149 SAMPLE_NAME SAMPLE_TARGET HOGE_TEXT"`;

exports[`local test OUTPUT_TEST 5`] = `"DEBUG 2020-4-31 0:3:44,150 SAMPLE_NAME SAMPLE_TARGET HOGE_TEXT"`;

exports[`local test OUTPUT_TEST 6`] = `"TRACE 2020-4-31 0:3:44,150 SAMPLE_NAME SAMPLE_TARGET HOGE_TEXT"`;
